======================================================================
 OpenPod — gravacao do V004   (2 setores, 8 KiB)
 0x00D000 +0x1000   <- v004_D000.bin
 0x12E000 +0x1000   <- v004_12E000.bin
 bootloader (0x0..0xD000): NAO ENDERECADO
======================================================================

[1/6] conferindo os arquivos de setor...
        OK   v004_D000.bin
        OK   v004_12E000.bin
        OK   orig_D000.bin
        OK   orig_12E000.bin
[2/6] procurando o aparelho...

        >>> CONECTE O GN-438 AGORA (com o cartao inserido).
        >>> Aguardando ate 180s...
        detectado: Bus 003 Device 094: ID 301a:2801 SmartlinkTechnology USB2.0 Device
        aguardando 4s para estabilizar...
        continua conectado — OK


[2b/6] verificacao previa da ferramenta (recovery check)...
        rodando — pode demorar (clona, confere 15 hashes, compila, le 2 MiB)
======================================================================
 OpenPod — verificacao da recuperacao por USB  (SOMENTE LEITURA)
======================================================================

diretorio de trabalho: /home/lucasmatheus@microhard.com.br/Documents/FZ/OpenPod_Install_v004/OpenPod_Install_v004/openpod_flash_v004/precheck

[1/5] clonando a ferramenta no commit travado...
[2/5] conferindo SHA-256 dos arquivos...
    OK — 15 arquivos conferem
[3/5] compilando smtlink_dump...
    OK
[4/5] procurando o aparelho...
    Bus 003 Device 098: ID 301a:2801 SmartlinkTechnology USB2.0 Device
    modo: card reader  (301a:2801)
[5/5] lendo a flash (SOMENTE LEITURA)...
      comando: smtlink_dump --id 301a:2801 flash_id read_flash 0 2M /home/lucasmatheus@microhard.com.br/Documents/FZ/OpenPod_Install_v004/OpenPod_Install_v004/openpod_flash_v004/precheck/readback.bin

flash_id: 0x14851485
dump_flash: 0x00000000, target: 0x200000, read: 0x200000

======================================================================
 RESULTADO
======================================================================
  tamanho : 2097152 bytes  (esperado 2097152)
  sha256  : 05b94114cf080960b0a7271ea9d3985f4cd8fa6a7621176fbd1d62ae179f0739

  >>> DIFERENTE do original do projeto.
  >>> Pode ser legitimo: a particao PSMP (config) muda em runtime.
  >>> Rode a conferencia por regiao na maquina do projeto:
  >>>     python3 tools/verify_device_readback.py readback.bin

  leve de volta:  readback.bin  e  readback.log


        recovery check OK
[3/6] lendo a flash e conferindo o estado ANTES...
dump_flash: 0x00000000, target: 0x200000, read: 0x200000
        OK   bootloader
        OK   ptable
        OK   FIRM
        OK   TONE

======================================================================
 Tudo conferido. A proxima etapa MODIFICA o firmware do aparelho.
   grava  : 8 KiB em 2 setores
   muda   : rotulos do menu em cinza e selecao em ciano (antes: branco e amarelo)
   NAO toca: bootloader, TONE, PSMP
======================================================================
operador confirmou

[4/6 1/2] gravando 0xD000 a partir de v004_D000.bin...
dump_flash: 0x0000d000, target: 0x1000, read: 0x1000
        OK — setor confere
[4/6 2/2] gravando 0x12E000 a partir de v004_12E000.bin...
dump_flash: 0x0012e000, target: 0x1000, read: 0x1000
        OK — setor confere
[5/6] lendo a flash inteira e conferindo o estado DEPOIS...
dump_flash: 0x00000000, target: 0x200000, read: 0x200000
        OK   bootloader
        OK   ptable
        OK   FIRM
        OK   TONE

======================================================================
 [6/6] RESULTADO: V004 GRAVADO E VERIFICADO

   Desconecte e abra o menu principal.
======================================================================

  leve de volta: before.bin  after.bin  flash_v004.log

