======================================================================
 OpenPod — gravacao do V002   (4 setores, 16 KiB)
 0x00D000 +0x1000   <- v002_D000.bin
 0x0CD000 +0x1000   <- v002_CD000.bin
 0x0CE000 +0x1000   <- v002_CE000.bin
 0x0CF000 +0x1000   <- v002_CF000.bin
 bootloader (0x0..0xD000): NAO ENDERECADO
======================================================================

[1/6] conferindo os arquivos de setor...
        OK   v002_D000.bin
        OK   v002_CD000.bin
        OK   v002_CE000.bin
        OK   v002_CF000.bin
        OK   orig_D000.bin
        OK   orig_CD000.bin
        OK   orig_CE000.bin
        OK   orig_CF000.bin
[2/6] procurando o aparelho...
        Bus 003 Device 084: ID 301a:2801 SmartlinkTechnology USB2.0 Device
[3/6] lendo a flash e conferindo o estado ANTES...
dump_flash: 0x00000000, target: 0x200000, read: 0x200000
        OK   bootloader
        OK   ptable
        OK   FIRM
        OK   TONE

======================================================================
 Tudo conferido. A proxima etapa MODIFICA o firmware do aparelho.
   grava  : 16 KiB em 4 setores
   muda   : os 9 icones do menu principal passam a grafite com glifo branco (recolorido pela paleta)
   NAO toca: bootloader, TONE, PSMP
======================================================================
operador confirmou

[4/6 1/4] gravando 0xD000 a partir de v002_D000.bin...
dump_flash: 0x0000d000, target: 0x1000, read: 0x1000
        OK — setor confere
[4/6 2/4] gravando 0xCD000 a partir de v002_CD000.bin...
dump_flash: 0x000cd000, target: 0x1000, read: 0x1000
        OK — setor confere
[4/6 3/4] gravando 0xCE000 a partir de v002_CE000.bin...
dump_flash: 0x000ce000, target: 0x1000, read: 0x1000
        OK — setor confere
[4/6 4/4] gravando 0xCF000 a partir de v002_CF000.bin...
dump_flash: 0x000cf000, target: 0x1000, read: 0x1000
        OK — setor confere
[5/6] lendo a flash inteira e conferindo o estado DEPOIS...
dump_flash: 0x00000000, target: 0x200000, read: 0x200000
        OK   bootloader
        OK   ptable
        OK   FIRM
        OK   TONE

======================================================================
 [6/6] RESULTADO: V002 GRAVADO E VERIFICADO

   Desconecte e abra o menu principal.
======================================================================

  leve de volta: before.bin  after.bin  flash_v002.log

