diretorio de trabalho: /home/lucasmatheus@microhard.com.br/Documents/FZ/openpod_recovery_check

[1/5] clone existente encontrado — conferindo o commit...
    OK — commit 49d51d17e825afbbbc2be7d91d6367674543c2e3
[2/5] conferindo SHA-256 dos arquivos...
    OK — 15 arquivos conferem
[3/5] compilando smtlink_dump...
make: Nothing to be done for 'all'.
    OK
[4/5] procurando o aparelho...
    Bus 003 Device 067: ID 301a:2801 SmartlinkTechnology USB2.0 Device
    modo: card reader  (301a:2801)
[5/5] lendo a flash (SOMENTE LEITURA)...
      comando: smtlink_dump --id 301a:2801 flash_id read_flash 0 2M /home/lucasmatheus@microhard.com.br/Documents/FZ/openpod_recovery_check/readback.bin

kernel driver is active, trying to detach
flash_id: 0x14851485
dump_flash: 0x00000000, target: 0x200000, read: 0x200000

======================================================================
 RESULTADO
======================================================================
  tamanho : 2097152 bytes  (esperado 2097152)
  sha256  : 0b97ef5169791acd8c8ca85ebab16a89c1b96847ba9a3e4d3f42f051cd2d72d0

  >>> DIFERENTE do original do projeto.
  >>> Pode ser legitimo: a particao PSMP (config) muda em runtime.
  >>> Rode a conferencia por regiao na maquina do projeto:
  >>>     python3 tools/verify_device_readback.py readback.bin

  leve de volta:  readback.bin  e  readback.log

