diretorio de trabalho: /home/lucasmatheus@microhard.com.br/Documents/FZ/OpenPod_Install_v004/OpenPod_Install_v004/openpod_flash_v004/precheck

[1/5] clonando a ferramenta no commit travado...
[2/5] conferindo SHA-256 dos arquivos...
    OK — 15 arquivos conferem
[3/5] compilando smtlink_dump...
cc -s -O2 -Wall -Wextra -std=c99 -pedantic -DUSE_LIBUSB=1 -o smtlink_dump smtlink_dump.c -lusb-1.0
    OK
[4/5] procurando o aparelho...
    Bus 003 Device 098: ID 301a:2801 SmartlinkTechnology USB2.0 Device
    modo: card reader  (301a:2801)
[5/5] lendo a flash (SOMENTE LEITURA)...
      comando: smtlink_dump --id 301a:2801 flash_id read_flash 0 2M /home/lucasmatheus@microhard.com.br/Documents/FZ/OpenPod_Install_v004/OpenPod_Install_v004/openpod_flash_v004/precheck/readback.bin

flash_id: 0x14851485
dump_flash: 0x00000000, target: 0x200000, read: 0x200000

======================================================================
 RESULTADO
======================================================================
  tamanho : 2097152 bytes  (esperado 2097152)
  sha256  : 05b94114cf080960b0a7271ea9d3985f4cd8fa6a7621176fbd1d62ae179f0739

  >>> DIFERENTE do original do projeto.
  >>> Pode ser legitimo: a particao PSMP (config) muda em runtime.
  >>> Rode a conferencia por regiao na maquina do projeto:
  >>>     python3 tools/verify_device_readback.py readback.bin

  leve de volta:  readback.bin  e  readback.log

